p_idx=27	q_idx=9
p=101	q=19	p*q=N=1919
sqrt of N = 44
size of factor base size_B=3.985054
smooth numbers
2
5
7
11
17
29
The sieving interval M=62
X31 =13
X30 =14
X29 =15
X28 =16
X27 =17
X26 =18
X25 =19
X24 =20
X23 =21
X22 =22
X21 =23
X20 =24
X19 =25
X18 =26
X17 =27
X16 =28
X15 =29
X14 =30
X13 =31
X12 =32
X11 =33
X10 =34
X9 =35
X8 =36
X7 =37
X6 =38
X5 =39
X4 =40
X3 =41
X2 =42
X1 =43
X0 =44
X1 =45
X2 =46
X3 =47
X4 =48
X5 =49
X6 =50
X7 =51
X8 =52
X9 =53
X10 =54
X11 =55
X12 =56
X13 =57
X14 =58
X15 =59
X16 =60
X17 =61
X18 =62
X19 =63
X20 =64
X21 =65
X22 =66
X23 =67
X24 =68
X25 =69
X26 =70
X27 =71
X28 =72
X29 =73
X30 =74
X31 =75

X = 13	Y = -1750	
X = 14	Y = -1723	
X = 15	Y = -1694	
X = 16	Y = -1663	
X = 17	Y = -1630	
X = 18	Y = -1595	
X = 19	Y = -1558	
X = 20	Y = -1519	
X = 21	Y = -1478	
X = 22	Y = -1435	
X = 23	Y = -1390	
X = 24	Y = -1343	
X = 25	Y = -1294	
X = 26	Y = -1243	
X = 27	Y = -1190	
X = 28	Y = -1135	
X = 29	Y = -1078	
X = 30	Y = -1019	
X = 31	Y = -958	
X = 32	Y = -895	
X = 33	Y = -830	
X = 34	Y = -763	
X = 35	Y = -694	
X = 36	Y = -623	
X = 37	Y = -550	
X = 38	Y = -475	
X = 39	Y = -398	
X = 40	Y = -319	
X = 41	Y = -238	
X = 42	Y = -155	
X = 43	Y = -70	
X = 44	Y = 17	
X = 45	Y = 106	
X = 46	Y = 197	
X = 47	Y = 290	
X = 48	Y = 385	
X = 49	Y = 482	
X = 50	Y = 581	
X = 51	Y = 682	
X = 52	Y = 785	
X = 53	Y = 890	
X = 54	Y = 997	
X = 55	Y = 1106	
X = 56	Y = 1217	
X = 57	Y = 1330	
X = 58	Y = 1445	
X = 59	Y = 1562	
X = 60	Y = 1681	
X = 61	Y = 1802	
X = 62	Y = 1925	
X = 63	Y = 2050	
X = 64	Y = 2177	
X = 65	Y = 2306	
X = 66	Y = 2437	
X = 67	Y = 2570	
X = 68	Y = 2705	
X = 69	Y = 2842	
X = 70	Y = 2981	
X = 71	Y = 3122	
X = 72	Y = 3265	
X = 73	Y = 3410	
X = 74	Y = 3557	
X = 75	Y = 3706	
v = -1750	p_smooth = 2	tmp = 0
v = -875	p_smooth = 2	tmp = -1
v = -1723	p_smooth = 5	tmp = -1
v = -1694	p_smooth = 7	tmp = 0
v = -847	p_smooth = 7	tmp = -1
v = -1663	p_smooth = 11	tmp = -1
v = -1630	p_smooth = 17	tmp = 0
v = -815	p_smooth = 17	tmp = -1
v = -1595	p_smooth = 29	tmp = -1
v = -1558	p_smooth = 0	tmp = 0
v = -779	p_smooth = 0	tmp = -1
v = -1519	p_smooth = 0	tmp = -1
v = -1478	p_smooth = 0	tmp = 0
v = -739	p_smooth = 0	tmp = -1
v = -1435	p_smooth = 81	tmp = -1
v = -1390	p_smooth = 1	tmp = 0
v = -695	p_smooth = 1	tmp = -1
v = -1343	p_smooth = 0	tmp = -1
v = -1294	p_smooth = 0	tmp = 0
v = -647	p_smooth = 0	tmp = -1
v = -1243	p_smooth = 0	tmp = -1
v = -1190	p_smooth = 0	tmp = 0
v = -595	p_smooth = 0	tmp = -1
v = -1135	p_smooth = 0	tmp = -1
v = -1078	p_smooth = -1558	tmp = 0
v = -539	p_smooth = -1558	tmp = -1
v = -1019	p_smooth = -1519	tmp = -1
v = -958	p_smooth = 80	tmp = 0
v = -479	p_smooth = 80	tmp = -1
v = -895	p_smooth = 65	tmp = -1
v = -830	p_smooth = 0	tmp = 0
v = -415	p_smooth = 0	tmp = -1
v = -763	p_smooth = 0	tmp = -1
v = -694	p_smooth = 0	tmp = 0
v = -347	p_smooth = 0	tmp = -1
v = -623	p_smooth = 0	tmp = -1
v = -550	p_smooth = 0	tmp = 0
v = -275	p_smooth = 0	tmp = -1
v = -475	p_smooth = 0	tmp = -1
v = -398	p_smooth = -1558	tmp = 0
v = -199	p_smooth = -1558	tmp = -1
v = -319	p_smooth = 65	tmp = -1
v = -238	p_smooth = 1	tmp = 0
v = -119	p_smooth = 1	tmp = -1
v = -155	p_smooth = 0	tmp = -1
v = -70	p_smooth = 0	tmp = 0
v = -35	p_smooth = 0	tmp = -1
v = 17	p_smooth = 0	tmp = 1
v = 106	p_smooth = 0	tmp = 0
v = 53	p_smooth = 0	tmp = 1
v = 197	p_smooth = 0	tmp = 1
v = 290	p_smooth = -1190	tmp = 0
v = 145	p_smooth = -1190	tmp = 1
v = 385	p_smooth = 65	tmp = 1
v = 482	p_smooth = 0	tmp = 0
v = 241	p_smooth = 0	tmp = 1
v = 581	p_smooth = 0	tmp = 1
v = 682	p_smooth = 0	tmp = 0
v = 341	p_smooth = 0	tmp = 1
v = 785	p_smooth = 0	tmp = 1
v = 890	p_smooth = 0	tmp = 0
v = 445	p_smooth = 0	tmp = 1
v = 997	p_smooth = 0	tmp = 1
v = 1106	p_smooth = -1630	tmp = 0
v = 553	p_smooth = -1630	tmp = 1
v = 1217	p_smooth = 65	tmp = 1
v = 1330	p_smooth = 1	tmp = 0
v = 665	p_smooth = 1	tmp = 1
v = 1445	p_smooth = 0	tmp = 1
v = 1562	p_smooth = 0	tmp = 0
v = 781	p_smooth = 0	tmp = 1
v = 1681	p_smooth = 0	tmp = 1
v = 1802	p_smooth = 0	tmp = 0
v = 901	p_smooth = 0	tmp = 1
v = 1925	p_smooth = 0	tmp = 1
v = 2050	p_smooth = -1294	tmp = 0
v = 1025	p_smooth = -1294	tmp = 1
v = 2177	p_smooth = 65	tmp = 1
v = 2306	p_smooth = 0	tmp = 0
v = 1153	p_smooth = 0	tmp = 1
v = 2437	p_smooth = 0	tmp = 1
v = 2570	p_smooth = 0	tmp = 0
v = 1285	p_smooth = 0	tmp = 1
v = 2705	p_smooth = 0	tmp = 1
v = 2842	p_smooth = 0	tmp = 0
v = 1421	p_smooth = 0	tmp = 1
v = 2981	p_smooth = 0	tmp = 1
v = 3122	p_smooth = -830	tmp = 0
v = 1561	p_smooth = -830	tmp = 1
v = 3265	p_smooth = 65	tmp = 1
v = 3410	p_smooth = 1	tmp = 0
v = 1705	p_smooth = 1	tmp = 1
v = 3557	p_smooth = 0	tmp = 1
v = -875	p_smooth = 2	tmp = 0
v = -175	p_smooth = 2	tmp = 0
v = -35	p_smooth = 2	tmp = 0
v = -7	p_smooth = 2	tmp = -2
v = -1723	p_smooth = 5	tmp = -3
v = -847	p_smooth = 7	tmp = -2
v = -1663	p_smooth = 11	tmp = -3
v = -815	p_smooth = 17	tmp = 0
v = -163	p_smooth = 17	tmp = -3
v = -1595	p_smooth = 29	tmp = 0
v = -319	p_smooth = 29	tmp = -4
v = -779	p_smooth = 0	tmp = -4
v = -1519	p_smooth = 0	tmp = -4
v = -739	p_smooth = 0	tmp = -4
v = -1435	p_smooth = 81	tmp = 0
v = -287	p_smooth = 81	tmp = -2
v = -695	p_smooth = 1	tmp = 0
v = -139	p_smooth = 1	tmp = -4
v = -1343	p_smooth = 3	tmp = -3
v = -647	p_smooth = 0	tmp = -2
v = -1243	p_smooth = 0	tmp = -3
v = -595	p_smooth = 0	tmp = 0
v = -119	p_smooth = 0	tmp = -4
v = -1135	p_smooth = 0	tmp = 0
v = -227	p_smooth = 0	tmp = -2
v = -539	p_smooth = -1558	tmp = -4
v = -1019	p_smooth = -1519	tmp = -4
v = -479	p_smooth = 80	tmp = -4
v = -895	p_smooth = 65	tmp = 0
v = -179	p_smooth = 65	tmp = -4
v = -415	p_smooth = 0	tmp = 0
v = -83	p_smooth = 0	tmp = -3
v = -763	p_smooth = 0	tmp = -3
v = -347	p_smooth = 0	tmp = -2
v = -623	p_smooth = 0	tmp = -3
v = -275	p_smooth = 0	tmp = 0
v = -55	p_smooth = 0	tmp = 0
v = -11	p_smooth = 0	tmp = -1
v = -475	p_smooth = 0	tmp = 0
v = -95	p_smooth = 0	tmp = 0
v = -19	p_smooth = 0	tmp = -4
v = -199	p_smooth = -1558	tmp = -4
v = -319	p_smooth = 65	tmp = -4
v = -119	p_smooth = 1	tmp = -4
v = -155	p_smooth = 0	tmp = 0
v = -31	p_smooth = 0	tmp = -1
v = -35	p_smooth = 0	tmp = 0
v = -7	p_smooth = 0	tmp = -2
v = 17	p_smooth = 0	tmp = 2
v = 53	p_smooth = 0	tmp = 3
v = 197	p_smooth = 0	tmp = 2
v = 145	p_smooth = -1190	tmp = 0
v = 29	p_smooth = -1190	tmp = 4
v = 385	p_smooth = 65	tmp = 0
v = 77	p_smooth = 65	tmp = 2
v = 241	p_smooth = 0	tmp = 1
v = 581	p_smooth = 0	tmp = 1
v = 341	p_smooth = 0	tmp = 1
v = 785	p_smooth = 0	tmp = 0
v = 157	p_smooth = 0	tmp = 2
v = 445	p_smooth = 0	tmp = 0
v = 89	p_smooth = 0	tmp = 4
v = 997	p_smooth = 0	tmp = 2
v = 553	p_smooth = -1630	tmp = 3
v = 1217	p_smooth = 65	tmp = 2
v = 665	p_smooth = 1	tmp = 0
v = 133	p_smooth = 1	tmp = 3
v = 1445	p_smooth = 1	tmp = 0
v = 289	p_smooth = 1	tmp = 4
v = 781	p_smooth = 0	tmp = 1
v = 1681	p_smooth = 0	tmp = 1
v = 901	p_smooth = 0	tmp = 1
v = 1925	p_smooth = 0	tmp = 0
v = 385	p_smooth = 0	tmp = 0
v = 77	p_smooth = 0	tmp = 2
v = 1025	p_smooth = -1294	tmp = 0
v = 205	p_smooth = -1294	tmp = 0
v = 41	p_smooth = -1294	tmp = 1
v = 2177	p_smooth = 65	tmp = 2
v = 1153	p_smooth = 0	tmp = 3
v = 2437	p_smooth = 1	tmp = 2
v = 1285	p_smooth = 0	tmp = 0
v = 257	p_smooth = 0	tmp = 2
v = 2705	p_smooth = 0	tmp = 0
v = 541	p_smooth = 0	tmp = 1
v = 1421	p_smooth = 0	tmp = 1
v = 2981	p_smooth = 0	tmp = 1
v = 1561	p_smooth = -830	tmp = 1
v = 3265	p_smooth = 65	tmp = 0
v = 653	p_smooth = 65	tmp = 3
v = 1705	p_smooth = 1	tmp = 0
v = 341	p_smooth = 1	tmp = 1
v = 3557	p_smooth = 0	tmp = 2
v = -7	p_smooth = 2	tmp = 0
v = -1	p_smooth = 2	tmp = -1
v = -1723	p_smooth = 5	tmp = -1
v = -847	p_smooth = 7	tmp = 0
v = -121	p_smooth = 7	tmp = -2
v = -1663	p_smooth = 11	tmp = -4
v = -163	p_smooth = 17	tmp = -2
v = -319	p_smooth = 29	tmp = -4
v = -779	p_smooth = 0	tmp = -2
v = -1519	p_smooth = 0	tmp = 0
v = -217	p_smooth = 0	tmp = 0
v = -31	p_smooth = 0	tmp = -3
v = -739	p_smooth = 0	tmp = -4
v = -287	p_smooth = 81	tmp = 0
v = -41	p_smooth = 81	tmp = -6
v = -139	p_smooth = 1	tmp = -6
v = -1343	p_smooth = 3	tmp = -6
v = -647	p_smooth = 1	tmp = -3
v = -1243	p_smooth = 0	tmp = -4
v = -119	p_smooth = 0	tmp = 0
v = -17	p_smooth = 0	tmp = -3
v = -227	p_smooth = 0	tmp = -3
v = -539	p_smooth = -1558	tmp = 0
v = -77	p_smooth = -1558	tmp = 0
v = -11	p_smooth = -1558	tmp = -4
v = -1019	p_smooth = -1519	tmp = -4
v = -479	p_smooth = 80	tmp = -3
v = -179	p_smooth = 65	tmp = -4
v = -83	p_smooth = 0	tmp = -6
v = -763	p_smooth = 0	tmp = 0
v = -109	p_smooth = 0	tmp = -4
v = -347	p_smooth = 0	tmp = -4
v = -623	p_smooth = 0	tmp = 0
v = -89	p_smooth = 0	tmp = -5
v = -11	p_smooth = 0	tmp = -4
v = -19	p_smooth = 0	tmp = -5
v = -199	p_smooth = -1558	tmp = -3
v = -319	p_smooth = 65	tmp = -4
v = -119	p_smooth = 1	tmp = 0
v = -17	p_smooth = 1	tmp = -3
v = -31	p_smooth = 0	tmp = -3
v = -7	p_smooth = 1	tmp = 0
v = -1	p_smooth = 1	tmp = -1
v = 17	p_smooth = 0	tmp = 3
v = 53	p_smooth = 0	tmp = 4
v = 197	p_smooth = 0	tmp = 1
v = 29	p_smooth = -1190	tmp = 1
v = 77	p_smooth = 65	tmp = 0
v = 11	p_smooth = 65	tmp = 4
v = 241	p_smooth = 0	tmp = 3
v = 581	p_smooth = 0	tmp = 0
v = 83	p_smooth = 0	tmp = 6
v = 341	p_smooth = 0	tmp = 5
v = 157	p_smooth = 0	tmp = 3
v = 89	p_smooth = 0	tmp = 5
v = 997	p_smooth = 0	tmp = 3
v = 553	p_smooth = -1630	tmp = 0
v = 79	p_smooth = -1630	tmp = 2
v = 1217	p_smooth = 65	tmp = 6
v = 133	p_smooth = 1	tmp = 0
v = 19	p_smooth = 1	tmp = 5
v = 289	p_smooth = 1	tmp = 2
v = 781	p_smooth = 0	tmp = 4
v = 1681	p_smooth = 0	tmp = 1
v = 901	p_smooth = 0	tmp = 5
v = 77	p_smooth = 0	tmp = 0
v = 11	p_smooth = 0	tmp = 4
v = 41	p_smooth = -1294	tmp = 6
v = 2177	p_smooth = 65	tmp = 0
v = 311	p_smooth = 65	tmp = 3
v = 1153	p_smooth = 0	tmp = 5
v = 2437	p_smooth = 1	tmp = 1
v = 257	p_smooth = 0	tmp = 5
v = 541	p_smooth = 0	tmp = 2
v = 1421	p_smooth = 0	tmp = 0
v = 203	p_smooth = 0	tmp = 0
v = 29	p_smooth = 0	tmp = 1
v = 2981	p_smooth = 0	tmp = 6
v = 1561	p_smooth = -830	tmp = 0
v = 223	p_smooth = -830	tmp = 6
v = 653	p_smooth = 65	tmp = 2
v = 341	p_smooth = 1	tmp = 5
v = 3557	p_smooth = 0	tmp = 1
v = -1	p_smooth = 2	tmp = -1
v = -1723	p_smooth = 5	tmp = -7
v = -121	p_smooth = 7	tmp = 0
v = -11	p_smooth = 7	tmp = 0
v = -1	p_smooth = 7	tmp = -1
v = -1663	p_smooth = 11	tmp = -2
v = -163	p_smooth = 17	tmp = -9
v = -319	p_smooth = 29	tmp = 0
v = -29	p_smooth = 29	tmp = -7
v = -779	p_smooth = 0	tmp = -9
v = -31	p_smooth = 0	tmp = -9
v = -739	p_smooth = 0	tmp = -2
v = -41	p_smooth = 81	tmp = -8
v = -139	p_smooth = 1	tmp = -7
v = -1343	p_smooth = 3	tmp = -1
v = -647	p_smooth = 1	tmp = -9
v = -1243	p_smooth = 0	tmp = 0
v = -113	p_smooth = 0	tmp = -3
v = -17	p_smooth = 0	tmp = -6
v = -227	p_smooth = 0	tmp = -7
v = -11	p_smooth = -1558	tmp = 0
v = -1	p_smooth = -1558	tmp = -1
v = -1019	p_smooth = -1519	tmp = -7
v = -479	p_smooth = 80	tmp = -6
v = -179	p_smooth = 65	tmp = -3
v = -83	p_smooth = 0	tmp = -6
v = -109	p_smooth = 0	tmp = -10
v = -347	p_smooth = 0	tmp = -6
v = -89	p_smooth = 0	tmp = -1
v = -11	p_smooth = 0	tmp = 0
v = -1	p_smooth = 0	tmp = -1
v = -19	p_smooth = 0	tmp = -8
v = -199	p_smooth = -1558	tmp = -1
v = -319	p_smooth = 65	tmp = 0
v = -29	p_smooth = 65	tmp = -7
v = -17	p_smooth = 1	tmp = -6
v = -31	p_smooth = 0	tmp = -9
v = -1	p_smooth = 1	tmp = -1
v = 17	p_smooth = 2	tmp = 6
v = 53	p_smooth = 0	tmp = 9
v = 197	p_smooth = 0	tmp = 10
v = 29	p_smooth = -1190	tmp = 7
v = 11	p_smooth = 65	tmp = 0
v = 1	p_smooth = 65	tmp = 1
v = 241	p_smooth = 0	tmp = 10
v = 83	p_smooth = 0	tmp = 6
v = 341	p_smooth = 0	tmp = 0
v = 31	p_smooth = 0	tmp = 9
v = 157	p_smooth = 0	tmp = 3
v = 89	p_smooth = 0	tmp = 1
v = 997	p_smooth = 0	tmp = 7
v = 79	p_smooth = -1630	tmp = 2
v = 1217	p_smooth = 65	tmp = 7
v = 19	p_smooth = 1	tmp = 8
v = 289	p_smooth = 1	tmp = 3
v = 781	p_smooth = 0	tmp = 0
v = 71	p_smooth = 0	tmp = 5
v = 1681	p_smooth = 0	tmp = 9
v = 901	p_smooth = 0	tmp = 10
v = 11	p_smooth = 0	tmp = 0
v = 1	p_smooth = 0	tmp = 1
v = 41	p_smooth = -1294	tmp = 8
v = 311	p_smooth = 65	tmp = 3
v = 1153	p_smooth = 0	tmp = 9
v = 2437	p_smooth = 1	tmp = 6
v = 257	p_smooth = 0	tmp = 4
v = 541	p_smooth = 1	tmp = 2
v = 29	p_smooth = 0	tmp = 7
v = 2981	p_smooth = 0	tmp = 0
v = 271	p_smooth = 0	tmp = 7
v = 223	p_smooth = -830	tmp = 3
v = 653	p_smooth = 65	tmp = 4
v = 341	p_smooth = 1	tmp = 0
v = 31	p_smooth = 1	tmp = 9
v = 3557	p_smooth = 0	tmp = 4
v = -1	p_smooth = 2	tmp = -1
v = -1723	p_smooth = 5	tmp = -6
v = -1	p_smooth = 7	tmp = -1
v = -1663	p_smooth = 11	tmp = -14
v = -163	p_smooth = 17	tmp = -10
v = -29	p_smooth = 29	tmp = -12
v = -779	p_smooth = 0	tmp = -14
v = -31	p_smooth = 0	tmp = -14
v = -739	p_smooth = 0	tmp = -8
v = -41	p_smooth = 81	tmp = -7
v = -139	p_smooth = 1	tmp = -3
v = -1343	p_smooth = 3	tmp = 0
v = -79	p_smooth = 3	tmp = -11
v = -647	p_smooth = 1	tmp = -1
v = -113	p_smooth = 0	tmp = -11
v = -17	p_smooth = 0	tmp = 0
v = -1	p_smooth = 0	tmp = -1
v = -227	p_smooth = 0	tmp = -6
v = -1	p_smooth = -1558	tmp = -1
v = -1019	p_smooth = -1519	tmp = -16
v = -479	p_smooth = 80	tmp = -3
v = -179	p_smooth = 65	tmp = -9
v = -83	p_smooth = 0	tmp = -15
v = -109	p_smooth = 0	tmp = -7
v = -347	p_smooth = 0	tmp = -7
v = -89	p_smooth = 0	tmp = -4
v = -1	p_smooth = 0	tmp = -1
v = -19	p_smooth = 0	tmp = -2
v = -199	p_smooth = -1558	tmp = -12
v = -29	p_smooth = 65	tmp = -12
v = -17	p_smooth = 1	tmp = 0
v = -1	p_smooth = 1	tmp = -1
v = -31	p_smooth = 0	tmp = -14
v = -1	p_smooth = 1	tmp = -1
v = 17	p_smooth = 2	tmp = 0
v = 1	p_smooth = 2	tmp = 1
v = 53	p_smooth = 0	tmp = 2
v = 197	p_smooth = 0	tmp = 10
v = 29	p_smooth = -1190	tmp = 12
v = 241	p_smooth = 0	tmp = 3
v = 83	p_smooth = 0	tmp = 15
v = 31	p_smooth = 0	tmp = 14
v = 157	p_smooth = 0	tmp = 4
v = 89	p_smooth = 0	tmp = 4
v = 997	p_smooth = 0	tmp = 11
v = 79	p_smooth = -1630	tmp = 11
v = 1217	p_smooth = 65	tmp = 10
v = 19	p_smooth = 1	tmp = 2
v = 289	p_smooth = 1	tmp = 0
v = 17	p_smooth = 1	tmp = 0
v = 1	p_smooth = 1	tmp = 1
v = 71	p_smooth = 0	tmp = 3
v = 1681	p_smooth = 0	tmp = 15
v = 901	p_smooth = 0	tmp = 0
v = 53	p_smooth = 0	tmp = 2
v = 41	p_smooth = -1294	tmp = 7
v = 311	p_smooth = 65	tmp = 5
v = 1153	p_smooth = 0	tmp = 14
v = 2437	p_smooth = 1	tmp = 6
v = 257	p_smooth = 0	tmp = 2
v = 541	p_smooth = 1	tmp = 14
v = 29	p_smooth = 0	tmp = 12
v = 271	p_smooth = 0	tmp = 16
v = 223	p_smooth = -830	tmp = 2
v = 653	p_smooth = 65	tmp = 7
v = 31	p_smooth = 1	tmp = 14
v = 3557	p_smooth = 0	tmp = 4
v = -1	p_smooth = 2	tmp = -1
v = -1723	p_smooth = 5	tmp = -12
v = -1	p_smooth = 7	tmp = -1
v = -1663	p_smooth = 11	tmp = -10
v = -163	p_smooth = 17	tmp = -18
v = -29	p_smooth = 29	tmp = 0
v = -1	p_smooth = 29	tmp = -1
v = -779	p_smooth = 0	tmp = -25
v = -31	p_smooth = 0	tmp = -2
v = -739	p_smooth = 0	tmp = -14
v = -41	p_smooth = 81	tmp = -12
v = -139	p_smooth = 1	tmp = -23
v = -79	p_smooth = 3	tmp = -21
v = -647	p_smooth = 1	tmp = -9
v = -113	p_smooth = 0	tmp = -26
v = -1	p_smooth = 0	tmp = -1
v = -227	p_smooth = 0	tmp = -24
v = -1	p_smooth = -1558	tmp = -1
v = -1019	p_smooth = -1519	tmp = -4
v = -479	p_smooth = 80	tmp = -15
v = -179	p_smooth = 65	tmp = -5
v = -83	p_smooth = 0	tmp = -25
v = -109	p_smooth = 0	tmp = -22
v = -347	p_smooth = 0	tmp = -28
v = -89	p_smooth = 0	tmp = -2
v = -1	p_smooth = 0	tmp = -1
v = -19	p_smooth = 0	tmp = -19
v = -199	p_smooth = -1558	tmp = -25
v = -29	p_smooth = 65	tmp = 0
v = -1	p_smooth = 65	tmp = -1
v = -1	p_smooth = 1	tmp = -1
v = -31	p_smooth = 0	tmp = -2
v = -1	p_smooth = 1	tmp = -1
v = 53	p_smooth = 0	tmp = 24
v = 197	p_smooth = 0	tmp = 23
v = 29	p_smooth = -1190	tmp = 0
v = 1	p_smooth = -1190	tmp = 1
v = 241	p_smooth = 0	tmp = 9
v = 83	p_smooth = 0	tmp = 25
v = 31	p_smooth = 0	tmp = 2
v = 157	p_smooth = 0	tmp = 12
v = 89	p_smooth = 0	tmp = 2
v = 997	p_smooth = 0	tmp = 11
v = 79	p_smooth = -1630	tmp = 21
v = 1217	p_smooth = 65	tmp = 28
v = 19	p_smooth = 1	tmp = 19
v = 71	p_smooth = 0	tmp = 13
v = 1681	p_smooth = 0	tmp = 28
v = 53	p_smooth = 0	tmp = 24
v = 41	p_smooth = -1294	tmp = 12
v = 311	p_smooth = 65	tmp = 21
v = 1153	p_smooth = 0	tmp = 22
v = 2437	p_smooth = 1	tmp = 1
v = 257	p_smooth = 0	tmp = 25
v = 541	p_smooth = 1	tmp = 19
v = 29	p_smooth = 0	tmp = 0
v = 1	p_smooth = 0	tmp = 1
v = 271	p_smooth = 1	tmp = 10
v = 223	p_smooth = -830	tmp = 20
v = 653	p_smooth = 65	tmp = 15
v = 31	p_smooth = 1	tmp = 2
v = 3557	p_smooth = 0	tmp = 19
